set NO_PROXY=localhost,127.0.0.1,10.96.0.0/12,192.168.59.0/24,192.168.49.0/24,192.168.39.0/24

set HTTPS_PROXY=https://registry.k8s.io:8082

1) PS C:\Users\HP-PC> kubectl get nodes
NAME       STATUS   ROLES           AGE   VERSION
minikube   Ready    control-plane   17m   v1.27.3

2)PS C:\Users\HP-PC> kubectl create deployment hello-minikube --image=k8s.gcr.io/echoserver:1.10
deployment.apps/hello-minikube created

3)PS C:\Users\HP-PC> kubectl get deployments
NAME             READY   UP-TO-DATE   AVAILABLE   AGE
hello-minikube   1/1     1            1           4m18s

4) PS C:\Users\HP-PC> kubectl expose deployment hello-minikube --type=NodePort --port=8080
service/hello-minikube exposed

5)PS C:\Users\HP-PC> minikube service hello-minikube --url
http://192.168.59.103:30721

6) PS C:\Users\HP-PC> kubectl delete services hello-minikube
Error from server (NotFound): services "hello-minikube" not found

kubectl delete deployments hello-minikube
7
C:\Users\HP-PC>kubectl run nginx --image=nginx
pod/nginx created

8
C:\Users\HP-PC>kubectl get pods
NAME    READY   STATUS    RESTARTS   AGE
nginx   0/1     Pending   0          77s

9
C:\Users\HP-PC>kubectl describe pod nginx

10)
C:\Users\HP-PC>kubectl create -f  pod-definition.yml
pod/myapp-pod created

C:\Users\HP-PC>kubectl get pods
NAME        READY   STATUS    RESTARTS        AGE
myapp-pod   1/1     Running   0               26s
nginx       1/1     Running   4 (5m32s ago)   65m


11)
  C:\Users\HP-PC>kubectl delete pod myapp-pod myapp-replicaset-t2n6q
pod "myapp-pod" deleted
pod "myapp-replicaset-t2n6q" deleted

12)
C:\Users\HP-PC>kubectl edit replicaset myapp-replicaset
replicaset.apps/myapp-replicaset edited

13) without opening file scale up or scale down
   C:\Users\HP-PC>kubectl scale replicaset myapp-replicaset --replicas=2
   
   
14)
C:\Users\HP-PC>kubectl get replicaset
NAME               DESIRED   CURRENT   READY   AGE
myapp-replicaset   2         2         2       36m

C:\Users\HP-PC>kubectl scale replicaset myapp-replicaset --replicas=4
replicaset.apps/myapp-replicaset scaled

C:\Users\HP-PC>kubectl get replicaset
NAME               DESIRED   CURRENT   READY   AGE
myapp-replicaset   4         4         2       36m

C:\Users\HP-PC>

15)

C:\Users\HP-PC>kubectl create -f deployment.yaml
deployment.apps/myapp-deployemnt created

C:\Users\HP-PC>kubectl get deployment
NAME               READY   UP-TO-DATE   AVAILABLE   AGE
myapp-deployemnt   0/3     3            0           10s

----------------------------------------------------------------------------------------------------------

C:\Users\HP-PC>kubectl rollout status deployment/myapp-myapp-deployemnt
Error from server (NotFound): deployments.apps "myapp-myapp-deployemnt" not found

C:\Users\HP-PC>kubectl rollout status deployment/myapp-deployemnt
deployment "myapp-deployemnt" successfully rolled out

C:\Users\HP-PC>kubectl get deployments
NAME               READY   UP-TO-DATE   AVAILABLE   AGE
myapp-deployemnt   3/3     3            3           17m

C:\Users\HP-PC>kubectl rollout history deployment/myapp-myapp-deployemnt
Error from server (NotFound): deployments.apps "myapp-myapp-deployemnt" not found

C:\Users\HP-PC>kubectl rollout history deployment/myapp-deployemnt
deployment.apps/myapp-deployemnt
REVISION  CHANGE-CAUSE
1         <none>


-------------------------------------------------------------------

C:\Users\HP-PC>kubectl create -f service-defination.yaml
The Service "myapp-service" is invalid: spec.ports[0].nodePort: Invalid value: 3004: provided port is not in the valid range. The range of valid ports is 30000-32767

C:\Users\HP-PC>kubectl create -f service-defination.yaml
service/myapp-service created

C:\Users\HP-PC>kubectl get svc

C:\Users\HP-PC>minikube service myapp-service --url
http://192.168.59.111:30004